// Jest Snapshot v1, https://goo.gl/fbAQLP

exports[`A <ParallaxProvider> to render children 1`] = `
<img
  alt="bar"
  src="foo"
/>
`;
